1 DG DNA
2 DT DNA
3 DC DNA
4 DA DNA
5 DG DNA
6 C RNA
7 A RNA
8 U RNA
9 G RNA
10 C RNA
11 C RNA
12 G RNA
13 G RNA
14 G RNA
15 G RNA
16 MET PROTEIN
17 GLN PROTEIN
18 LYS PROTEIN
19 GLY PROTEIN
20 ASN PROTEIN
21 PHE PROTEIN
22 ARG PROTEIN
23 THR PROTEIN
24 VAL PROTEIN
25 CYS PROTEIN
26 GLU PROTEIN
27 HIS PROTEIN
28 ILE PROTEIN
29 ALA PROTEIN
30 PRO PROTEIN
31 TRP PROTEIN
32 ASP PROTEIN
33 THR PROTEIN
34 SER PROTEIN
35 SER PROTEIN
36 TYR PROTEIN
37 LEU PROTEIN
38 ARG PROTEIN
39 THR PROTEIN
40 CYS PROTEIN
41 ASN PROTEIN
42 A RNA
43 U RNA
44 THR PROTEIN
45 GLN PROTEIN
46 LYS PROTEIN
47 ARG PROTEIN
48 LYS PROTEIN
49 GLY PROTEIN
50 DC DNA
51 A RNA
52 PHE PROTEIN
53 ALA PROTEIN
54 TYR PROTEIN
55 U RNA
56 A RNA
57 U RNA
58 PRO PROTEIN
59 VAL PROTEIN
60 GLU PROTEIN
61 ALA PROTEIN
62 ARG PROTEIN
63 SER PROTEIN
64 LEU PROTEIN
65 GLY PROTEIN
66 THR PROTEIN
67 ILE PROTEIN
68 PRO PROTEIN
69 GLN PROTEIN
70 DG DNA
71 U RNA
72 ILE PROTEIN
73 LYS PROTEIN
74 DA DNA
75 VAL PROTEIN
76 ASP PROTEIN
77 ARG PROTEIN
78 SER PROTEIN
79 ASP PROTEIN
80 GLU PROTEIN
81 ASN PROTEIN
82 LEU PROTEIN
83 LYS PROTEIN
84 HIS PROTEIN
85 DT DNA
86 A RNA
87 MET PROTEIN
88 HIS PROTEIN
89 SER PROTEIN
90 SER PROTEIN
91 LEU PROTEIN
92 LYS PROTEIN
93 ALA PROTEIN
94 GLN PROTEIN
95 SER PROTEIN
96 MET PROTEIN
97 A RNA
98 G RNA
99 ARG PROTEIN
100 VAL PROTEIN
101 N UNK
102 N UNK
103 N UNK
104 N UNK
105 N UNK
106 N UNK
107 ASN PROTEIN
108 LEU PROTEIN
109 GLU PROTEIN
110 VAL PROTEIN
111 ALA PROTEIN
112 LYS PROTEIN
113 GLY PROTEIN
114 ARG PROTEIN
115 PHE PROTEIN
116 ASP PROTEIN
117 HIS PROTEIN
118 PRO PROTEIN
119 THR PROTEIN
120 ILE PROTEIN
121 SER PROTEIN
122 GLN PROTEIN
123 MET PROTEIN
124 CYS PROTEIN
125 TYR PROTEIN
126 TRP PROTEIN
127 G RNA
128 PRO PROTEIN
129 C RNA
130 A RNA
131 U RNA
132 G RNA
133 MET PROTEIN
134 U RNA
135 N UNK
136 UNK UNK
137 A RNA
138 DC DNA
139 LEU PROTEIN
140 GLN PROTEIN
141 I UNK
142 MET PROTEIN
143 HIS PROTEIN
144 U RNA
145 U RNA
146 C RNA
147 C RNA
148 G RNA
149 TRP PROTEIN
150 THR PROTEIN
151 U RNA
152 G RNA
153 A RNA
154 U RNA
155 C RNA
156 PRO PROTEIN
157 SER PROTEIN
158 TYR PROTEIN
159 ILE PROTEIN
160 PHE PROTEIN
161 HIS PROTEIN
162 TRP PROTEIN
163 CYS PROTEIN
164 UNK UNK
165 UNK UNK
166 GLN PROTEIN
167 U RNA
168 C RNA
169 G RNA
170 G RNA
171 C RNA
172 A RNA
173 C RNA
174 A RNA
175 A RNA
176 G RNA
177 G RNA
178 U RNA
179 VAL PROTEIN
180 MET PROTEIN
181 ASN PROTEIN
182 ASP PROTEIN
183 C RNA
184 C RNA
185 DC DNA
186 LEU PROTEIN
187 C RNA
188 THR PROTEIN
189 DA DNA
190 CYS PROTEIN
191 DA DNA
192 VAL PROTEIN
193 THR PROTEIN
194 PRO PROTEIN
195 HIS PROTEIN
196 GLN PROTEIN
197 GLU PROTEIN
198 ASN PROTEIN
199 LYS PROTEIN
200 VAL PROTEIN
